// Jest Snapshot v1, https://goo.gl/fbAQLP

exports[`Register should match the snapshot 1`] = `ShallowWrapper {}`;
